{
    "subset capture - bed": {
        "content": [
            {
                "0": [
                    [
                        {
                            "id": "test",
                            "chromosome": "chr22"
                        },
                        "test.capture.bed.gz:md5,1bfb2a02b6882800dfc86f1dcd116dea"
                    ]
                ],
                "1": [
                    [
                        {
                            "id": "test",
                            "chromosome": "chr22"
                        },
                        "test.capture.bed.gz.tbi:md5,cca8582edb548b04e057329d3c8de585"
                    ]
                ],
                "2": [
                    [
                        {
                            "id": "test",
                            "chromosome": "chr22"
                        },
                        "test_chr22_target.bed:md5,1bfb2a02b6882800dfc86f1dcd116dea"
                    ]
                ],
                "3": [
                    [
                        {
                            "id": "test",
                            "chromosome": "chr22"
                        },
                        "test_chr22_target.pad50.bed:md5,ac358cce78980c94f6ff5be56cbdede9"
                    ]
                ],
                "4": [
                    [
                        {
                            "id": "test",
                            "chromosome": "chr22"
                        },
                        "test_chr22_target.pad500.bed:md5,4188712633feb7137bc5d29a3940aa6a"
                    ]
                ],
                "5": [
                    "versions.yml:md5,c1a07c19f78ebf42c9618dfa4aeec294"
                ],
                "capture_bed_gz": [
                    [
                        {
                            "id": "test",
                            "chromosome": "chr22"
                        },
                        "test.capture.bed.gz:md5,1bfb2a02b6882800dfc86f1dcd116dea"
                    ]
                ],
                "capture_bed_index": [
                    [
                        {
                            "id": "test",
                            "chromosome": "chr22"
                        },
                        "test.capture.bed.gz.tbi:md5,cca8582edb548b04e057329d3c8de585"
                    ]
                ],
                "target_bed": [
                    [
                        {
                            "id": "test",
                            "chromosome": "chr22"
                        },
                        "test_chr22_target.bed:md5,1bfb2a02b6882800dfc86f1dcd116dea"
                    ]
                ],
                "target_bed_pad50": [
                    [
                        {
                            "id": "test",
                            "chromosome": "chr22"
                        },
                        "test_chr22_target.pad50.bed:md5,ac358cce78980c94f6ff5be56cbdede9"
                    ]
                ],
                "target_bed_pad500": [
                    [
                        {
                            "id": "test",
                            "chromosome": "chr22"
                        },
                        "test_chr22_target.pad500.bed:md5,4188712633feb7137bc5d29a3940aa6a"
                    ]
                ],
                "versions": [
                    "versions.yml:md5,c1a07c19f78ebf42c9618dfa4aeec294"
                ]
            }
        ],
        "meta": {
            "nf-test": "0.9.2",
            "nextflow": "25.04.2"
        },
        "timestamp": "2025-05-28T08:36:42.822942397"
    }
}